Archive member included to satisfy reference by file (symbol)

/home/usamat980/Downloads/SW4STM32/1/plugins/fr.ac6.mcu.externaltools.arm-none.linux64_1.17.0.201812190825/tools/compiler/bin/../lib/gcc/arm-none-eabi/7.3.1/../../../../arm-none-eabi/lib/thumb/v7e-m/fpv4-sp/hard/libc.a(lib_a-exit.o)
                              /home/usamat980/Downloads/SW4STM32/1/plugins/fr.ac6.mcu.externaltools.arm-none.linux64_1.17.0.201812190825/tools/compiler/bin/../lib/gcc/arm-none-eabi/7.3.1/../../../../arm-none-eabi/lib/thumb/v7e-m/fpv4-sp/hard/rdimon-crt0.o (exit)
/home/usamat980/Downloads/SW4STM32/1/plugins/fr.ac6.mcu.externaltools.arm-none.linux64_1.17.0.201812190825/tools/compiler/bin/../lib/gcc/arm-none-eabi/7.3.1/../../../../arm-none-eabi/lib/thumb/v7e-m/fpv4-sp/hard/libc.a(lib_a-impure.o)
                              /home/usamat980/Downloads/SW4STM32/1/plugins/fr.ac6.mcu.externaltools.arm-none.linux64_1.17.0.201812190825/tools/compiler/bin/../lib/gcc/arm-none-eabi/7.3.1/../../../../arm-none-eabi/lib/thumb/v7e-m/fpv4-sp/hard/libc.a(lib_a-exit.o) (_global_impure_ptr)
/home/usamat980/Downloads/SW4STM32/1/plugins/fr.ac6.mcu.externaltools.arm-none.linux64_1.17.0.201812190825/tools/compiler/bin/../lib/gcc/arm-none-eabi/7.3.1/../../../../arm-none-eabi/lib/thumb/v7e-m/fpv4-sp/hard/libc.a(lib_a-init.o)
                              /home/usamat980/Downloads/SW4STM32/1/plugins/fr.ac6.mcu.externaltools.arm-none.linux64_1.17.0.201812190825/tools/compiler/bin/../lib/gcc/arm-none-eabi/7.3.1/../../../../arm-none-eabi/lib/thumb/v7e-m/fpv4-sp/hard/rdimon-crt0.o (__libc_init_array)
/home/usamat980/Downloads/SW4STM32/1/plugins/fr.ac6.mcu.externaltools.arm-none.linux64_1.17.0.201812190825/tools/compiler/bin/../lib/gcc/arm-none-eabi/7.3.1/../../../../arm-none-eabi/lib/thumb/v7e-m/fpv4-sp/hard/libc.a(lib_a-memset.o)
                              /home/usamat980/Downloads/SW4STM32/1/plugins/fr.ac6.mcu.externaltools.arm-none.linux64_1.17.0.201812190825/tools/compiler/bin/../lib/gcc/arm-none-eabi/7.3.1/../../../../arm-none-eabi/lib/thumb/v7e-m/fpv4-sp/hard/rdimon-crt0.o (memset)
/home/usamat980/Downloads/SW4STM32/1/plugins/fr.ac6.mcu.externaltools.arm-none.linux64_1.17.0.201812190825/tools/compiler/bin/../lib/gcc/arm-none-eabi/7.3.1/../../../../arm-none-eabi/lib/thumb/v7e-m/fpv4-sp/hard/libc.a(lib_a-__call_atexit.o)
                              /home/usamat980/Downloads/SW4STM32/1/plugins/fr.ac6.mcu.externaltools.arm-none.linux64_1.17.0.201812190825/tools/compiler/bin/../lib/gcc/arm-none-eabi/7.3.1/../../../../arm-none-eabi/lib/thumb/v7e-m/fpv4-sp/hard/libc.a(lib_a-exit.o) (__call_exitprocs)
/home/usamat980/Downloads/SW4STM32/1/plugins/fr.ac6.mcu.externaltools.arm-none.linux64_1.17.0.201812190825/tools/compiler/bin/../lib/gcc/arm-none-eabi/7.3.1/../../../../arm-none-eabi/lib/thumb/v7e-m/fpv4-sp/hard/libc.a(lib_a-atexit.o)
                              /home/usamat980/Downloads/SW4STM32/1/plugins/fr.ac6.mcu.externaltools.arm-none.linux64_1.17.0.201812190825/tools/compiler/bin/../lib/gcc/arm-none-eabi/7.3.1/../../../../arm-none-eabi/lib/thumb/v7e-m/fpv4-sp/hard/libc.a(lib_a-__call_atexit.o) (atexit)
/home/usamat980/Downloads/SW4STM32/1/plugins/fr.ac6.mcu.externaltools.arm-none.linux64_1.17.0.201812190825/tools/compiler/bin/../lib/gcc/arm-none-eabi/7.3.1/../../../../arm-none-eabi/lib/thumb/v7e-m/fpv4-sp/hard/libc.a(lib_a-fini.o)
                              /home/usamat980/Downloads/SW4STM32/1/plugins/fr.ac6.mcu.externaltools.arm-none.linux64_1.17.0.201812190825/tools/compiler/bin/../lib/gcc/arm-none-eabi/7.3.1/../../../../arm-none-eabi/lib/thumb/v7e-m/fpv4-sp/hard/libc.a(lib_a-__call_atexit.o) (__libc_fini_array)
/home/usamat980/Downloads/SW4STM32/1/plugins/fr.ac6.mcu.externaltools.arm-none.linux64_1.17.0.201812190825/tools/compiler/bin/../lib/gcc/arm-none-eabi/7.3.1/../../../../arm-none-eabi/lib/thumb/v7e-m/fpv4-sp/hard/libc.a(lib_a-lock.o)
                              /home/usamat980/Downloads/SW4STM32/1/plugins/fr.ac6.mcu.externaltools.arm-none.linux64_1.17.0.201812190825/tools/compiler/bin/../lib/gcc/arm-none-eabi/7.3.1/../../../../arm-none-eabi/lib/thumb/v7e-m/fpv4-sp/hard/libc.a(lib_a-__call_atexit.o) (__retarget_lock_acquire_recursive)
/home/usamat980/Downloads/SW4STM32/1/plugins/fr.ac6.mcu.externaltools.arm-none.linux64_1.17.0.201812190825/tools/compiler/bin/../lib/gcc/arm-none-eabi/7.3.1/../../../../arm-none-eabi/lib/thumb/v7e-m/fpv4-sp/hard/libc.a(lib_a-__atexit.o)
                              /home/usamat980/Downloads/SW4STM32/1/plugins/fr.ac6.mcu.externaltools.arm-none.linux64_1.17.0.201812190825/tools/compiler/bin/../lib/gcc/arm-none-eabi/7.3.1/../../../../arm-none-eabi/lib/thumb/v7e-m/fpv4-sp/hard/libc.a(lib_a-atexit.o) (__register_exitproc)
/home/usamat980/Downloads/SW4STM32/1/plugins/fr.ac6.mcu.externaltools.arm-none.linux64_1.17.0.201812190825/tools/compiler/bin/../lib/gcc/arm-none-eabi/7.3.1/../../../../arm-none-eabi/lib/thumb/v7e-m/fpv4-sp/hard/librdimon.a(rdimon-syscalls.o)
[...]
Memory Configuration

Name             Origin             Length             Attributes
RAM              0x0000000020000000 0x0000000000020000 xrw
ROM              0x0000000008000000 0x0000000000100000 xr
*default*        0x0000000000000000 0xffffffffffffffff

Linker script and memory map

LOAD /home/usamat980/Downloads/SW4STM32/1/plugins/fr.ac6.mcu.externaltools.arm-none.linux64_1.17.0.201812190825/tools/compiler/bin/../lib/gcc/arm-none-eabi/7.3.1/thumb/v7e-m/fpv4-sp/hard/crti.o
LOAD /home/usamat980/Downloads/SW4STM32/1/plugins/fr.ac6.mcu.externaltools.arm-none.linux64_1.17.0.201812190825/tools/compiler/bin/../lib/gcc/arm-none-eabi/7.3.1/thumb/v7e-m/fpv4-sp/hard/crtbegin.o
LOAD /home/usamat980/Downloads/SW4STM32/1/plugins/fr.ac6.mcu.externaltools.arm-none.linux64_1.17.0.201812190825/tools/compiler/bin/../lib/gcc/arm-none-eabi/7.3.1/../../../../arm-none-eabi/lib/thumb/v7e-m/fpv4-sp/hard/rdimon-crt0.o
LOAD /home/usamat980/Downloads/SW4STM32/1/plugins/fr.ac6.mcu.externaltools.arm-none.linux64_1.17.0.201812190825/tools/compiler/bin/../lib/gcc/arm-none-eabi/7.3.1/../../../../arm-none-eabi/lib/thumb/v7e-m/fpv4-sp/hard/libc.a
LOAD /home/usamat980/Downloads/SW4STM32/1/plugins/fr.ac6.mcu.externaltools.arm-none.linux64_1.17.0.201812190825/tools/compiler/bin/../lib/gcc/arm-none-eabi/7.3.1/../../../../arm-none-eabi/lib/thumb/v7e-m/fpv4-sp/hard/librdimon.a
LOAD StdPeriph_Driver/src/misc.o
LOAD StdPeriph_Driver/src/stm32f4xx_adc.o
LOAD StdPeriph_Driver/src/stm32f4xx_can.o
LOAD StdPeriph_Driver/src/stm32f4xx_cec.o
LOAD StdPeriph_Driver/src/stm32f4xx_crc.o
LOAD StdPeriph_Driver/src/stm32f4xx_cryp.o
LOAD StdPeriph_Driver/src/stm32f4xx_cryp_aes.o
LOAD StdPeriph_Driver/src/stm32f4xx_cryp_des.o
LOAD StdPeriph_Driver/src/stm32f4xx_cryp_tdes.o
LOAD StdPeriph_Driver/src/stm32f4xx_dac.o
LOAD StdPeriph_Driver/src/stm32f4xx_dbgmcu.o
LOAD StdPeriph_Driver/src/stm32f4xx_dcmi.o
LOAD StdPeriph_Driver/src/stm32f4xx_dfsdm.o
LOAD StdPeriph_Driver/src/stm32f4xx_dma.o
LOAD StdPeriph_Driver/src/stm32f4xx_dma2d.o
LOAD StdPeriph_Driver/src/stm32f4xx_dsi.o
LOAD StdPeriph_Driver/src/stm32f4xx_exti.o
LOAD StdPeriph_Driver/src/stm32f4xx_flash.o
LOAD StdPeriph_Driver/src/stm32f4xx_flash_ramfunc.o
LOAD StdPeriph_Driver/src/stm32f4xx_fmc.o
LOAD StdPeriph_Driver/src/stm32f4xx_fmip2c.o
LOAD StdPeriph_Driver/src/stm32f4xx_fsmc.o
LOAD StdPeriph_Driver/src/stm32f4xx_gpio.o
LOAD StdPeriph_Driver/src/stm32f4xx_hash.o
LOAD StdPeriph_Driver/src/stm32f4xx_hash_md5.o
LOAD StdPeriph_Driver/src/stm32f4xx_hash_sha1.o
LOAD StdPeriph_Driver/src/stm32f4xx_i2c.o
LOAD StdPeriph_Driver/src/stm32f4xx_iwdg.o
LOAD StdPeriph_Driver/src/stm32f4xx_lptim.o
LOAD StdPeriph_Driver/src/stm32f4xx_ltdc.o
LOAD StdPeriph_Driver/src/stm32f4xx_pwr.o
LOAD StdPeriph_Driver/src/stm32f4xx_qspi.o
LOAD StdPeriph_Driver/src/stm32f4xx_rcc.o
LOAD StdPeriph_Driver/src/stm32f4xx_rng.o
LOAD StdPeriph_Driver/src/stm32f4xx_rtc.o
LOAD StdPeriph_Driver/src/stm32f4xx_sai.o
LOAD StdPeriph_Driver/src/stm32f4xx_sdio.o
LOAD StdPeriph_Driver/src/stm32f4xx_spdifrx.o
LOAD StdPeriph_Driver/src/stm32f4xx_spi.o
LOAD StdPeriph_Driver/src/stm32f4xx_syscfg.o
LOAD StdPeriph_Driver/src/stm32f4xx_tim.o
LOAD StdPeriph_Driver/src/stm32f4xx_usart.o
LOAD StdPeriph_Driver/src/stm32f4xx_wwdg.o
LOAD Third-Party/FreeRTOS/org/Source/croutine.o
LOAD Third-Party/FreeRTOS/org/Source/event_groups.o
LOAD Third-Party/FreeRTOS/org/Source/list.o
LOAD Third-Party/FreeRTOS/org/Source/queue.o
LOAD Third-Party/FreeRTOS/org/Source/stream_buffer.o
LOAD Third-Party/FreeRTOS/org/Source/tasks.o
LOAD Third-Party/FreeRTOS/org/Source/timers.o
LOAD Third-Party/FreeRTOS/org/Source/portable/GCC/ARM_CM4F/port.o
LOAD Third-Party/FreeRTOS/org/Source/portable/MemMang/heap_4.o
LOAD Third-Party/SEGGER/Config/SEGGER_SYSVIEW_Config_FreeRTOS.o
LOAD Third-Party/SEGGER/OS/SEGGER_SYSVIEW_FreeRTOS.o
LOAD Third-Party/SEGGER/SEGGER/SEGGER_RTT.o
LOAD Third-Party/SEGGER/SEGGER/SEGGER_SYSVIEW.o
LOAD src/main.o
LOAD src/system_stm32f4xx.o
LOAD startup/startup_stm32.o
LOAD /home/usamat980/Downloads/SW4STM32/1/plugins/fr.ac6.mcu.externaltools.arm-none.linux64_1.17.0.201812190825/tools/compiler/bin/../lib/gcc/arm-none-eabi/7.3.1/../../../../arm-none-eabi/lib/thumb/v7e-m/fpv4-sp/hard/libm.a
START GROUP
LOAD /home/usamat980/Downloads/SW4STM32/1/plugins/fr.ac6.mcu.externaltools.arm-none.linux64_1.17.0.201812190825/tools/compiler/bin/../lib/gcc/arm-none-eabi/7.3.1/thumb/v7e-m/fpv4-sp/hard/libgcc.a
LOAD /home/usamat980/Downloads/SW4STM32/1/plugins/fr.ac6.mcu.externaltools.arm-none.linux64_1.17.0.201812190825/tools/compiler/bin/../lib/gcc/arm-none-eabi/7.3.1/../../../../arm-none-eabi/lib/thumb/v7e-m/fpv4-sp/hard/libc.a
END GROUP
START GROUP
LOAD /home/usamat980/Downloads/SW4STM32/1/plugins/fr.ac6.mcu.externaltools.arm-none.linux64_1.17.0.201812190825/tools/compiler/bin/../lib/gcc/arm-none-eabi/7.3.1/thumb/v7e-m/fpv4-sp/hard/libgcc.a
LOAD /home/usamat980/Downloads/SW4STM32/1/plugins/fr.ac6.mcu.externaltools.arm-none.linux64_1.17.0.201812190825/tools/compiler/bin/../lib/gcc/arm-none-eabi/7.3.1/../../../../arm-none-eabi/lib/thumb/v7e-m/fpv4-sp/hard/libc.a
LOAD /home/usamat980/Downloads/SW4STM32/1/plugins/fr.ac6.mcu.externaltools.arm-none.linux64_1.17.0.201812190825/tools/compiler/bin/../lib/gcc/arm-none-eabi/7.3.1/../../../../arm-none-eabi/lib/thumb/v7e-m/fpv4-sp/hard/librdimon.a
END GROUP
LOAD /home/usamat980/Downloads/SW4STM32/1/plugins/fr.ac6.mcu.externaltools.arm-none.linux64_1.17.0.201812190825/tools/compiler/bin/../lib/gcc/arm-none-eabi/7.3.1/thumb/v7e-m/fpv4-sp/hard/crtend.o
LOAD /home/usamat980/Downloads/SW4STM32/1/plugins/fr.ac6.mcu.externaltools.arm-none.linux64_1.17.0.201812190825/tools/compiler/bin/../lib/gcc/arm-none-eabi/7.3.1/thumb/v7e-m/fpv4-sp/hard/crtn.o
                0x0000000020020000                _estack = 0x20020000
                0x0000000000000000                _Min_Heap_Size = 0x0
                0x0000000000000400                _Min_Stack_Size = 0x400

.isr_vector     0x0000000008000000      0x1a8
                0x0000000008000000                . = ALIGN (0x4)
 *(.isr_vector)
 .isr_vector    0x0000000008000000      0x1a8 startup/startup_stm32.o
                0x0000000008000000                g_pfnVectors
                0x00000000080001a8                . = ALIGN (0x4)

.text           0x00000000080001c0     0x5058
                0x00000000080001c0                . = ALIGN (0x4)
 *(.text)
 .text          0x00000000080001c0       0x40 /home/usamat980/Downloads/SW4STM32/1/plugins/fr.ac6.mcu.externaltools.arm-none.linux64_1.17.0.201812190825/tools/compiler/bin/../lib/gcc/arm-none-eabi/7.3.1/thumb/v7e-m/fpv4-sp/hard/crtbegin.o
 .text          0x0000000008000200      0x134 /home/usamat980/Downloads/SW4STM32/1/plugins/fr.ac6.mcu.externaltools.arm-none.linux64_1.17.0.201812190825/tools/compiler/bin/../lib/gcc/arm-none-eabi/7.3.1/../../../../arm-none-eabi/lib/thumb/v7e-m/fpv4-sp/hard/libc.a(lib_a-memcpy.o)
                0x0000000008000200                memcpy
 *fill*         0x0000000008000334        0xc 
 .text          0x0000000008000340       0xdc /home/usamat980/Downloads/SW4STM32/1/plugins/fr.ac6.mcu.externaltools.arm-none.linux64_1.17.0.201812190825/tools/compiler/bin/../lib/gcc/arm-none-eabi/7.3.1/../../../../arm-none-eabi/lib/thumb/v7e-m/fpv4-sp/hard/libc.a(lib_a-strlen.o)
                0x0000000008000340                strlen
 *(.text*)
 .text.__libc_init_array
                0x000000000800041c       0x48 /home/usamat980/Downloads/SW4STM32/1/plugins/fr.ac6.mcu.externaltools.arm-none.linux64_1.17.0.201812190825/tools/compiler/bin/../lib/gcc/arm-none-eabi/7.3.1/../../../../arm-none-eabi/lib/thumb/v7e-m/fpv4-sp/hard/libc.a(lib_a-init.o)
                0x000000000800041c                __libc_init_array
 .text.memset   0x0000000008000464       0x94 /home/usamat980/Downloads/SW4STM32/1/plugins/fr.ac6.mcu.externaltools.arm-none.linux64_1.17.0.201812190825/tools/compiler/bin/../lib/gcc/arm-none-eabi/7.3.1/../../../../arm-none-eabi/lib/thumb/v7e-m/fpv4-sp/hard/libc.a(lib_a-memset.o)
                0x0000000008000464                memset
 .text.startup.register_fini
                0x00000000080004f8       0x14 /home/usamat980/Downloads/SW4STM32/1/plugins/fr.ac6.mcu.externaltools.arm-none.linux64_1.17.0.201812190825/tools/compiler/bin/../lib/gcc/arm-none-eabi/7.3.1/../../../../arm-none-eabi/lib/thumb/v7e-m/fpv4-sp/hard/libc.a(lib_a-__call_atexit.o)
 .text.atexit   0x000000000800050c        0xc /home/usamat980/Downloads/SW4STM32/1/plugins/fr.ac6.mcu.externaltools.arm-none.linux64_1.17.0.201812190825/tools/compiler/bin/../lib/gcc/arm-none-eabi/7.3.1/../../../../arm-none-eabi/lib/thumb/v7e-m/fpv4-sp/hard/libc.a(lib_a-atexit.o)
                0x000000000800050c                atexit
 .text.__libc_fini_array
                0x0000000008000518       0x34 /home/usamat980/Downloads/SW4STM32/1/plugins/fr.ac6.mcu.externaltools.arm-none.linux64_1.17.0.201812190825/tools/compiler/bin/../lib/gcc/arm-none-eabi/7.3.1/../../../../arm-none-eabi/lib/thumb/v7e-m/fpv4-sp/hard/libc.a(lib_a-fini.o)
                0x0000000008000518                __libc_fini_array
 .text.__retarget_lock_acquire_recursive
                0x000000000800054c        0x4 /home/usamat980/Downloads/SW4STM32/1/plugins/fr.ac6.mcu.externaltools.arm-none.linux64_1.17.0.201812190825/tools/compiler/bin/../lib/gcc/arm-none-eabi/7.3.1/../../../../arm-none-eabi/lib/thumb/v7e-m/fpv4-sp/hard/libc.a(lib_a-lock.o)
                0x000000000800054c                __retarget_lock_acquire_recursive
 .text.__retarget_lock_release_recursive
                0x0000000008000550        0x4 /home/usamat980/Downloads/SW4STM32/1/plugins/fr.ac6.mcu.externaltools.arm-none.linux64_1.17.0.201812190825/tools/compiler/bin/../lib/gcc/arm-none-eabi/7.3.1/../../../../arm-none-eabi/lib/thumb/v7e-m/fpv4-sp/hard/libc.a(lib_a-lock.o)
                0x0000000008000550                __retarget_lock_release_recursive
 .text.__register_exitproc
                0x0000000008000554       0xc0 /home/usamat980/Downloads/SW4STM32/1/plugins/fr.ac6.mcu.externaltools.arm-none.linux64_1.17.0.201812190825/tools/compiler/bin/../lib/gcc/arm-none-eabi/7.3.1/../../../../arm-none-eabi/lib/thumb/v7e-m/fpv4-sp/hard/libc.a(lib_a-__atexit.o)
                0x0000000008000554                __register_exitproc
 .text.GPIO_Init
                0x0000000008000614      0x11c StdPeriph_Driver/src/stm32f4xx_gpio.o
                0x0000000008000614                GPIO_Init
 .text.GPIO_PinAFConfig
                0x0000000008000730       0x92 StdPeriph_Driver/src/stm32f4xx_gpio.o
                0x0000000008000730                GPIO_PinAFConfig
 *fill*         0x00000000080007c2        0x2 
 .text.RCC_DeInit
                0x00000000080007c4       0x70 StdPeriph_Driver/src/stm32f4xx_rcc.o
                0x00000000080007c4                RCC_DeInit
 .text.RCC_GetClocksFreq
                0x0000000008000834      0x150 StdPeriph_Driver/src/stm32f4xx_rcc.o
                0x0000000008000834                RCC_GetClocksFreq
 .text.RCC_AHB1PeriphClockCmd
                0x0000000008000984       0x40 StdPeriph_Driver/src/stm32f4xx_rcc.o
                0x0000000008000984                RCC_AHB1PeriphClockCmd
 .text.RCC_APB1PeriphClockCmd
                0x00000000080009c4       0x40 StdPeriph_Driver/src/stm32f4xx_rcc.o
                0x00000000080009c4                RCC_APB1PeriphClockCmd
 .text.USART_Init
                0x0000000008000a04      0x174 StdPeriph_Driver/src/stm32f4xx_usart.o
                0x0000000008000a04                USART_Init
 .text.USART_Cmd
                0x0000000008000b78       0x40 StdPeriph_Driver/src/stm32f4xx_usart.o
                0x0000000008000b78                USART_Cmd
 .text.USART_SendData
                0x0000000008000bb8       0x24 StdPeriph_Driver/src/stm32f4xx_usart.o
                0x0000000008000bb8                USART_SendData
 .text.USART_GetFlagStatus
                0x0000000008000bdc       0x38 StdPeriph_Driver/src/stm32f4xx_usart.o
                0x0000000008000bdc                USART_GetFlagStatus
 .text.vListInitialise
                0x0000000008000c14       0x40 Third-Party/FreeRTOS/org/Source/list.o
                0x0000000008000c14                vListInitialise
 .text.vListInitialiseItem
                0x0000000008000c54       0x1a Third-Party/FreeRTOS/org/Source/list.o
                0x0000000008000c54                vListInitialiseItem
 .text.vListInsertEnd
                0x0000000008000c6e       0x48 Third-Party/FreeRTOS/org/Source/list.o
                0x0000000008000c6e                vListInsertEnd
 .text.vListInsert
                0x0000000008000cb6       0x72 Third-Party/FreeRTOS/org/Source/list.o
                0x0000000008000cb6                vListInsert
 .text.uxListRemove
                0x0000000008000d28       0x54 Third-Party/FreeRTOS/org/Source/list.o
                0x0000000008000d28                uxListRemove
 .text.xQueueGenericReset
                0x0000000008000d7c       0xd0 Third-Party/FreeRTOS/org/Source/queue.o
                0x0000000008000d7c                xQueueGenericReset
 .text.xQueueGenericCreate
                0x0000000008000e4c       0xb8 Third-Party/FreeRTOS/org/Source/queue.o
                0x0000000008000e4c                xQueueGenericCreate
 .text.prvInitialiseNewQueue
                0x0000000008000f04       0x52 Third-Party/FreeRTOS/org/Source/queue.o
 *fill*         0x0000000008000f56        0x2 
 .text.xQueueGenericSend
                0x0000000008000f58      0x244 Third-Party/FreeRTOS/org/Source/queue.o
                0x0000000008000f58                xQueueGenericSend
 .text.xQueueGenericSendFromISR
                0x000000000800119c      0x172 Third-Party/FreeRTOS/org/Source/queue.o
                0x000000000800119c                xQueueGenericSendFromISR
 *fill*         0x000000000800130e        0x2 
 .text.xQueueReceive
                0x0000000008001310      0x228 Third-Party/FreeRTOS/org/Source/queue.o
                0x0000000008001310                xQueueReceive
 .text.prvCopyDataToQueue
                0x0000000008001538       0xd4 Third-Party/FreeRTOS/org/Source/queue.o
 .text.prvCopyDataFromQueue
                0x000000000800160c       0x4c Third-Party/FreeRTOS/org/Source/queue.o
 .text.prvUnlockQueue
                0x0000000008001658       0xa4 Third-Party/FreeRTOS/org/Source/queue.o
 .text.prvIsQueueEmpty
                0x00000000080016fc       0x2c Third-Party/FreeRTOS/org/Source/queue.o
 .text.prvIsQueueFull
                0x0000000008001728       0x30 Third-Party/FreeRTOS/org/Source/queue.o
 .text.vQueueAddToRegistry
                0x0000000008001758       0x60 Third-Party/FreeRTOS/org/Source/queue.o
                0x0000000008001758                vQueueAddToRegistry
 .text.vQueueWaitForMessageRestricted
                0x00000000080017b8       0x68 Third-Party/FreeRTOS/org/Source/queue.o
                0x00000000080017b8                vQueueWaitForMessageRestricted
 .text.xTaskCreate
                0x0000000008001820       0x82 Third-Party/FreeRTOS/org/Source/tasks.o
                0x0000000008001820                xTaskCreate
 .text.prvInitialiseNewTask
                0x00000000080018a2      0x12a Third-Party/FreeRTOS/org/Source/tasks.o
 .text.prvAddNewTaskToReadyList
                0x00000000080019cc      0x118 Third-Party/FreeRTOS/org/Source/tasks.o
 .text.vTaskStartScheduler
                0x0000000008001ae4       0xc0 Third-Party/FreeRTOS/org/Source/tasks.o
                0x0000000008001ae4                vTaskStartScheduler
 .text.vTaskSuspendAll
                0x0000000008001ba4       0x1c Third-Party/FreeRTOS/org/Source/tasks.o
                0x0000000008001ba4                vTaskSuspendAll
 .text.xTaskResumeAll
                0x0000000008001bc0      0x140 Third-Party/FreeRTOS/org/Source/tasks.o
                0x0000000008001bc0                xTaskResumeAll
 .text.xTaskGetTickCount
                0x0000000008001d00       0x20 Third-Party/FreeRTOS/org/Source/tasks.o
                0x0000000008001d00                xTaskGetTickCount
 .text.xTaskGetTickCountFromISR
                0x0000000008001d20       0x24 Third-Party/FreeRTOS/org/Source/tasks.o
                0x0000000008001d20                xTaskGetTickCountFromISR
 .text.xTaskIncrementTick
                0x0000000008001d44      0x178 Third-Party/FreeRTOS/org/Source/tasks.o
                0x0000000008001d44                xTaskIncrementTick
 .text.vTaskSwitchContext
                0x0000000008001ebc       0xd0 Third-Party/FreeRTOS/org/Source/tasks.o
                0x0000000008001ebc                vTaskSwitchContext
 .text.vTaskPlaceOnEventList
                0x0000000008001f8c       0x48 Third-Party/FreeRTOS/org/Source/tasks.o
                0x0000000008001f8c                vTaskPlaceOnEventList
 .text.vTaskPlaceOnEventListRestricted
                0x0000000008001fd4       0x5c Third-Party/FreeRTOS/org/Source/tasks.o
                0x0000000008001fd4                vTaskPlaceOnEventListRestricted
 .text.xTaskRemoveFromEventList
                0x0000000008002030       0xcc Third-Party/FreeRTOS/org/Source/tasks.o
                0x0000000008002030                xTaskRemoveFromEventList
 .text.vTaskInternalSetTimeOutState
                0x00000000080020fc       0x2c Third-Party/FreeRTOS/org/Source/tasks.o
                0x00000000080020fc                vTaskInternalSetTimeOutState
 .text.xTaskCheckForTimeOut
                0x0000000008002128       0xc8 Third-Party/FreeRTOS/org/Source/tasks.o
                0x0000000008002128                xTaskCheckForTimeOut
 .text.vTaskMissedYield
                0x00000000080021f0       0x18 Third-Party/FreeRTOS/org/Source/tasks.o
                0x00000000080021f0                vTaskMissedYield
 .text.prvIdleTask
                0x0000000008002208       0x30 Third-Party/FreeRTOS/org/Source/tasks.o
 .text.prvInitialiseTaskLists
                0x0000000008002238       0x80 Third-Party/FreeRTOS/org/Source/tasks.o
 .text.prvCheckTasksWaitingTermination
                0x00000000080022b8       0x58 Third-Party/FreeRTOS/org/Source/tasks.o
 .text.prvDeleteTCB
                0x0000000008002310       0x20 Third-Party/FreeRTOS/org/Source/tasks.o
 .text.prvResetNextTaskUnblockTime
                0x0000000008002330       0x38 Third-Party/FreeRTOS/org/Source/tasks.o
 .text.xTaskGetSchedulerState
                0x0000000008002368       0x3c Third-Party/FreeRTOS/org/Source/tasks.o
                0x0000000008002368                xTaskGetSchedulerState
 .text.xTaskPriorityDisinherit
                0x00000000080023a4      0x104 Third-Party/FreeRTOS/org/Source/tasks.o
                0x00000000080023a4                xTaskPriorityDisinherit
 .text.prvAddCurrentTaskToDelayedList
                0x00000000080024a8       0xcc Third-Party/FreeRTOS/org/Source/tasks.o
 .text.xTimerCreateTimerTask
                0x0000000008002574       0x64 Third-Party/FreeRTOS/org/Source/timers.o
                0x0000000008002574                xTimerCreateTimerTask
 .text.xTimerGenericCommand
                0x00000000080025d8       0x98 Third-Party/FreeRTOS/org/Source/timers.o
                0x00000000080025d8                xTimerGenericCommand
 .text.prvProcessExpiredTimer
                0x0000000008002670       0x98 Third-Party/FreeRTOS/org/Source/timers.o
 .text.prvTimerTask
                0x0000000008002708       0x24 Third-Party/FreeRTOS/org/Source/timers.o
 .text.prvProcessTimerOrBlockTask
                0x000000000800272c       0x9c Third-Party/FreeRTOS/org/Source/timers.o
 .text.prvGetNextExpireTime
                0x00000000080027c8       0x48 Third-Party/FreeRTOS/org/Source/timers.o
 .text.prvSampleTimeNow
                0x0000000008002810       0x40 Third-Party/FreeRTOS/org/Source/timers.o
 .text.prvInsertTimerInActiveList
                0x0000000008002850       0x84 Third-Party/FreeRTOS/org/Source/timers.o
 .text.prvProcessReceivedCommands
                0x00000000080028d4      0x188 Third-Party/FreeRTOS/org/Source/timers.o
 .text.prvSwitchTimerLists
                0x0000000008002a5c       0xc8 Third-Party/FreeRTOS/org/Source/timers.o
 .text.prvCheckForValidListAndQueue
                0x0000000008002b24       0x6c Third-Party/FreeRTOS/org/Source/timers.o
 .text.pxPortInitialiseStack
                0x0000000008002b90       0x68 Third-Party/FreeRTOS/org/Source/portable/GCC/ARM_CM4F/port.o
                0x0000000008002b90                pxPortInitialiseStack
 .text.prvTaskExitError
                0x0000000008002bf8       0x54 Third-Party/FreeRTOS/org/Source/portable/GCC/ARM_CM4F/port.o
 *fill*         0x0000000008002c4c        0x4 
 .text.SVC_Handler
                0x0000000008002c50       0x28 Third-Party/FreeRTOS/org/Source/portable/GCC/ARM_CM4F/port.o
                0x0000000008002c50                SVC_Handler
 .text.prvPortStartFirstTask
                0x0000000008002c78       0x2c Third-Party/FreeRTOS/org/Source/portable/GCC/ARM_CM4F/port.o
 .text.xPortStartScheduler
                0x0000000008002ca4      0x13c Third-Party/FreeRTOS/org/Source/portable/GCC/ARM_CM4F/port.o
                0x0000000008002ca4                xPortStartScheduler
 .text.vPortEnterCritical
                0x0000000008002de0       0x5c Third-Party/FreeRTOS/org/Source/portable/GCC/ARM_CM4F/port.o
                0x0000000008002de0                vPortEnterCritical
 .text.vPortExitCritical
                0x0000000008002e3c       0x50 Third-Party/FreeRTOS/org/Source/portable/GCC/ARM_CM4F/port.o
                0x0000000008002e3c                vPortExitCritical
 *fill*         0x0000000008002e8c        0x4 
 .text.PendSV_Handler
                0x0000000008002e90       0x68 Third-Party/FreeRTOS/org/Source/portable/GCC/ARM_CM4F/port.o
                0x0000000008002e90                PendSV_Handler
 .text.SysTick_Handler
                0x0000000008002ef8       0x40 Third-Party/FreeRTOS/org/Source/portable/GCC/ARM_CM4F/port.o
                0x0000000008002ef8                SysTick_Handler
 .text.vPortSetupTimerInterrupt
                0x0000000008002f38       0x48 Third-Party/FreeRTOS/org/Source/portable/GCC/ARM_CM4F/port.o
                0x0000000008002f38                vPortSetupTimerInterrupt
 .text.vPortEnableVFP
                0x0000000008002f80       0x18 Third-Party/FreeRTOS/org/Source/portable/GCC/ARM_CM4F/port.o
 .text.vPortValidateInterruptPriority
                0x0000000008002f98       0x7c Third-Party/FreeRTOS/org/Source/portable/GCC/ARM_CM4F/port.o
                0x0000000008002f98                vPortValidateInterruptPriority
 .text.pvPortMalloc
                0x0000000008003014      0x1b8 Third-Party/FreeRTOS/org/Source/portable/MemMang/heap_4.o
                0x0000000008003014                pvPortMalloc
 .text.vPortFree
                0x00000000080031cc       0xc0 Third-Party/FreeRTOS/org/Source/portable/MemMang/heap_4.o
                0x00000000080031cc                vPortFree
 .text.prvHeapInit
                0x000000000800328c       0xc4 Third-Party/FreeRTOS/org/Source/portable/MemMang/heap_4.o
 .text.prvInsertBlockIntoFreeList
                0x0000000008003350       0xb4 Third-Party/FreeRTOS/org/Source/portable/MemMang/heap_4.o
 .text._cbSendSystemDesc
                0x0000000008003404       0x1c Third-Party/SEGGER/Config/SEGGER_SYSVIEW_Config_FreeRTOS.o
 .text.SEGGER_SYSVIEW_Conf
                0x0000000008003420       0x2c Third-Party/SEGGER/Config/SEGGER_SYSVIEW_Config_FreeRTOS.o
                0x0000000008003420                SEGGER_SYSVIEW_Conf
 .text._cbSendTaskList
                0x000000000800344c       0x90 Third-Party/SEGGER/OS/SEGGER_SYSVIEW_FreeRTOS.o
 .text._cbGetTime
                0x00000000080034dc       0x76 Third-Party/SEGGER/OS/SEGGER_SYSVIEW_FreeRTOS.o
 *fill*         0x0000000008003552        0x2 
 .text.SYSVIEW_AddTask
                0x0000000008003554       0xd0 Third-Party/SEGGER/OS/SEGGER_SYSVIEW_FreeRTOS.o
                0x0000000008003554                SYSVIEW_AddTask
 .text.SYSVIEW_SendTaskInfo
                0x0000000008003624       0x42 Third-Party/SEGGER/OS/SEGGER_SYSVIEW_FreeRTOS.o
                0x0000000008003624                SYSVIEW_SendTaskInfo
 *fill*         0x0000000008003666        0x2 
 .text._DoInit  0x0000000008003668       0xb0 Third-Party/SEGGER/SEGGER/SEGGER_RTT.o
 .text.SEGGER_RTT_ReadNoLock
                0x0000000008003718      0x10c Third-Party/SEGGER/SEGGER/SEGGER_RTT.o
                0x0000000008003718                SEGGER_RTT_ReadNoLock
 .text.SEGGER_RTT_WriteSkipNoLock
                0x0000000008003824       0xf8 Third-Party/SEGGER/SEGGER/SEGGER_RTT.o
                0x0000000008003824                SEGGER_RTT_WriteSkipNoLock
 .text.SEGGER_RTT_ConfigUpBuffer
                0x000000000800391c       0xe0 Third-Party/SEGGER/SEGGER/SEGGER_RTT.o
                0x000000000800391c                SEGGER_RTT_ConfigUpBuffer
 .text.SEGGER_RTT_ConfigDownBuffer
                0x00000000080039fc       0xe0 Third-Party/SEGGER/SEGGER/SEGGER_RTT.o
                0x00000000080039fc                SEGGER_RTT_ConfigDownBuffer
 .text._EncodeStr
                0x0000000008003adc       0x9a Third-Party/SEGGER/SEGGER/SEGGER_SYSVIEW.o
 .text._PreparePacket
                0x0000000008003b76       0x18 Third-Party/SEGGER/SEGGER/SEGGER_SYSVIEW.o
 .text._HandleIncomingPacket
                0x0000000008003b8e       0xc6 Third-Party/SEGGER/SEGGER/SEGGER_SYSVIEW.o
 .text._TrySendOverflowPacket
                0x0000000008003c54       0xe0 Third-Party/SEGGER/SEGGER/SEGGER_SYSVIEW.o
 .text._SendPacket
                0x0000000008003d34      0x1a8 Third-Party/SEGGER/SEGGER/SEGGER_SYSVIEW.o
 .text.SEGGER_SYSVIEW_Init
                0x0000000008003edc       0x7c Third-Party/SEGGER/SEGGER/SEGGER_SYSVIEW.o
                0x0000000008003edc                SEGGER_SYSVIEW_Init
 .text.SEGGER_SYSVIEW_SetRAMBase
                0x0000000008003f58       0x20 Third-Party/SEGGER/SEGGER/SEGGER_SYSVIEW.o
                0x0000000008003f58                SEGGER_SYSVIEW_SetRAMBase
 .text.SEGGER_SYSVIEW_RecordVoid
                0x0000000008003f78       0x3c Third-Party/SEGGER/SEGGER/SEGGER_SYSVIEW.o
                0x0000000008003f78                SEGGER_SYSVIEW_RecordVoid
 .text.SEGGER_SYSVIEW_RecordU32
                0x0000000008003fb4       0x78 Third-Party/SEGGER/SEGGER/SEGGER_SYSVIEW.o
                0x0000000008003fb4                SEGGER_SYSVIEW_RecordU32
 .text.SEGGER_SYSVIEW_RecordU32x2
                0x000000000800402c       0xb4 Third-Party/SEGGER/SEGGER/SEGGER_SYSVIEW.o
                0x000000000800402c                SEGGER_SYSVIEW_RecordU32x2
 .text.SEGGER_SYSVIEW_RecordU32x3
                0x00000000080040e0       0xec Third-Party/SEGGER/SEGGER/SEGGER_SYSVIEW.o
                0x00000000080040e0                SEGGER_SYSVIEW_RecordU32x3
 .text.SEGGER_SYSVIEW_RecordU32x4
                0x00000000080041cc      0x124 Third-Party/SEGGER/SEGGER/SEGGER_SYSVIEW.o
                0x00000000080041cc                SEGGER_SYSVIEW_RecordU32x4
 .text.SEGGER_SYSVIEW_Start
                0x00000000080042f0      0x170 Third-Party/SEGGER/SEGGER/SEGGER_SYSVIEW.o
                0x00000000080042f0                SEGGER_SYSVIEW_Start
 .text.SEGGER_SYSVIEW_Stop
                0x0000000008004460       0x4c Third-Party/SEGGER/SEGGER/SEGGER_SYSVIEW.o
                0x0000000008004460                SEGGER_SYSVIEW_Stop
 .text.SEGGER_SYSVIEW_GetSysDesc
                0x00000000080044ac      0x134 Third-Party/SEGGER/SEGGER/SEGGER_SYSVIEW.o
                0x00000000080044ac                SEGGER_SYSVIEW_GetSysDesc
 .text.SEGGER_SYSVIEW_SendTaskInfo
                0x00000000080045e0      0x1cc Third-Party/SEGGER/SEGGER/SEGGER_SYSVIEW.o
                0x00000000080045e0                SEGGER_SYSVIEW_SendTaskInfo
 .text.SEGGER_SYSVIEW_SendTaskList
                0x00000000080047ac       0x28 Third-Party/SEGGER/SEGGER/SEGGER_SYSVIEW.o
                0x00000000080047ac                SEGGER_SYSVIEW_SendTaskList
 .text.SEGGER_SYSVIEW_SendSysDesc
                0x00000000080047d4       0x48 Third-Party/SEGGER/SEGGER/SEGGER_SYSVIEW.o
                0x00000000080047d4                SEGGER_SYSVIEW_SendSysDesc
 .text.SEGGER_SYSVIEW_RecordSystime
                0x000000000800481c       0x60 Third-Party/SEGGER/SEGGER/SEGGER_SYSVIEW.o
                0x000000000800481c                SEGGER_SYSVIEW_RecordSystime
 .text.SEGGER_SYSVIEW_OnIdle
                0x000000000800487c       0x38 Third-Party/SEGGER/SEGGER/SEGGER_SYSVIEW.o
                0x000000000800487c                SEGGER_SYSVIEW_OnIdle
 .text.SEGGER_SYSVIEW_OnTaskCreate
                0x00000000080048b4       0x88 Third-Party/SEGGER/SEGGER/SEGGER_SYSVIEW.o
                0x00000000080048b4                SEGGER_SYSVIEW_OnTaskCreate
 .text.SEGGER_SYSVIEW_OnTaskStartExec
                0x000000000800493c       0x88 Third-Party/SEGGER/SEGGER/SEGGER_SYSVIEW.o
                0x000000000800493c                SEGGER_SYSVIEW_OnTaskStartExec
 .text.SEGGER_SYSVIEW_OnTaskStartReady
                0x00000000080049c4       0x88 Third-Party/SEGGER/SEGGER/SEGGER_SYSVIEW.o
                0x00000000080049c4                SEGGER_SYSVIEW_OnTaskStartReady
 .text.SEGGER_SYSVIEW_ShrinkId
                0x0000000008004a4c       0x24 Third-Party/SEGGER/SEGGER/SEGGER_SYSVIEW.o
                0x0000000008004a4c                SEGGER_SYSVIEW_ShrinkId
 .text.SEGGER_SYSVIEW_SendModule
                0x0000000008004a70      0x100 Third-Party/SEGGER/SEGGER/SEGGER_SYSVIEW.o
                0x0000000008004a70                SEGGER_SYSVIEW_SendModule
 .text.SEGGER_SYSVIEW_SendModuleDescription
                0x0000000008004b70       0x3c Third-Party/SEGGER/SEGGER/SEGGER_SYSVIEW.o
                0x0000000008004b70                SEGGER_SYSVIEW_SendModuleDescription
 .text.SEGGER_SYSVIEW_SendNumModules
                0x0000000008004bac       0x7c Third-Party/SEGGER/SEGGER/SEGGER_SYSVIEW.o
                0x0000000008004bac                SEGGER_SYSVIEW_SendNumModules
 .text.SEGGER_SYSVIEW_Warn
                0x0000000008004c28       0xb8 Third-Party/SEGGER/SEGGER/SEGGER_SYSVIEW.o
                0x0000000008004c28                SEGGER_SYSVIEW_Warn
 .text.prvSetupUart
                0x0000000008004ce0       0x9c src/main.o
 .text.prvSetupHardware
                0x0000000008004d7c        0xc src/main.o
 .text.vTask1_handler
                0x0000000008004d88       0x40 src/main.o
                0x0000000008004d88                vTask1_handler
 .text.vTask2_handler
                0x0000000008004dc8       0x40 src/main.o
                0x0000000008004dc8                vTask2_handler
 .text.uart_printf
                0x0000000008004e08       0x50 src/main.o
                0x0000000008004e08                uart_printf
 .text.main     0x0000000008004e58       0x94 src/main.o
                0x0000000008004e58                main
 .text.SystemInit
                0x0000000008004eec       0x6c src/system_stm32f4xx.o
                0x0000000008004eec                SystemInit
 .text.SystemCoreClockUpdate
                0x0000000008004f58       0xf8 src/system_stm32f4xx.o
                0x0000000008004f58                SystemCoreClockUpdate
 .text.SetSysClock
                0x0000000008005050       0xf8 src/system_stm32f4xx.o
 .text.Reset_Handler
                0x0000000008005148       0x50 startup/startup_stm32.o
                0x0000000008005148                Reset_Handler
 .text.Default_Handler
                0x0000000008005198        0x2 startup/startup_stm32.o
                0x0000000008005198                RTC_Alarm_IRQHandler
                0x0000000008005198                HASH_RNG_IRQHandler
                0x0000000008005198                EXTI2_IRQHandler
                0x0000000008005198                TIM8_CC_IRQHandler
                0x0000000008005198                DebugMon_Handler
                0x0000000008005198                TIM1_CC_IRQHandler
                0x0000000008005198                DMA2_Stream5_IRQHandler
                0x0000000008005198                HardFault_Handler
                0x0000000008005198                DMA1_Stream5_IRQHandler
                0x0000000008005198                PVD_IRQHandler
                0x0000000008005198                SDIO_IRQHandler
                0x0000000008005198                TAMP_STAMP_IRQHandler
                0x0000000008005198                NMI_Handler
                0x0000000008005198                CAN2_RX1_IRQHandler
                0x0000000008005198                EXTI3_IRQHandler
                0x0000000008005198                TIM8_TRG_COM_TIM14_IRQHandler
                0x0000000008005198                TIM1_UP_TIM10_IRQHandler
                0x0000000008005198                TIM8_UP_TIM13_IRQHandler
                0x0000000008005198                I2C3_ER_IRQHandler
                0x0000000008005198                LCD_TFT_IRQHandler
                0x0000000008005198                EXTI0_IRQHandler
                0x0000000008005198                I2C2_EV_IRQHandler
                0x0000000008005198                DMA1_Stream2_IRQHandler
                0x0000000008005198                CAN1_RX0_IRQHandler
                0x0000000008005198                FPU_IRQHandler
                0x0000000008005198                OTG_HS_WKUP_IRQHandler
                0x0000000008005198                UsageFault_Handler
                0x0000000008005198                CAN2_SCE_IRQHandler
                0x0000000008005198                DMA2_Stream2_IRQHandler
                0x0000000008005198                SPI1_IRQHandler
                0x0000000008005198                TIM6_DAC_IRQHandler
                0x0000000008005198                TIM1_BRK_TIM9_IRQHandler
                0x0000000008005198                DCMI_IRQHandler
                0x0000000008005198                CAN2_RX0_IRQHandler
                0x0000000008005198                DMA2_Stream3_IRQHandler
                0x0000000008005198                USART6_IRQHandler
                0x0000000008005198                USART3_IRQHandler
                0x0000000008005198                CRYP_IRQHandler
                0x0000000008005198                CAN1_RX1_IRQHandler
                0x0000000008005198                UART5_IRQHandler
                0x0000000008005198                DMA2_Stream0_IRQHandler
                0x0000000008005198                TIM4_IRQHandler
                0x0000000008005198                I2C1_EV_IRQHandler
                0x0000000008005198                DMA1_Stream6_IRQHandler
                0x0000000008005198                DMA1_Stream1_IRQHandler
                0x0000000008005198                UART4_IRQHandler
                0x0000000008005198                LCD_TFT_1_IRQHandler
                0x0000000008005198                TIM3_IRQHandler
                0x0000000008005198                RCC_IRQHandler
                0x0000000008005198                TIM8_BRK_TIM12_IRQHandler
                0x0000000008005198                Default_Handler
                0x0000000008005198                EXTI15_10_IRQHandler
                0x0000000008005198                ADC_IRQHandler
                0x0000000008005198                DMA1_Stream7_IRQHandler
                0x0000000008005198                TIM7_IRQHandler
                0x0000000008005198                CAN2_TX_IRQHandler
                0x0000000008005198                TIM5_IRQHandler
                0x0000000008005198                DMA2_Stream7_IRQHandler
                0x0000000008005198                I2C3_EV_IRQHandler
                0x0000000008005198                EXTI9_5_IRQHandler
                0x0000000008005198                RTC_WKUP_IRQHandler
                0x0000000008005198                ETH_WKUP_IRQHandler
                0x0000000008005198                SPI2_IRQHandler
                0x0000000008005198                OTG_HS_EP1_IN_IRQHandler
                0x0000000008005198                MemManage_Handler
                0x0000000008005198                DMA1_Stream0_IRQHandler
                0x0000000008005198                CAN1_TX_IRQHandler
                0x0000000008005198                EXTI4_IRQHandler
                0x0000000008005198                FSMC_IRQHandler
                0x0000000008005198                ETH_IRQHandler
                0x0000000008005198                OTG_HS_EP1_OUT_IRQHandler
                0x0000000008005198                WWDG_IRQHandler
                0x0000000008005198                TIM2_IRQHandler
                0x0000000008005198                OTG_FS_WKUP_IRQHandler
                0x0000000008005198                TIM1_TRG_COM_TIM11_IRQHandler
                0x0000000008005198                OTG_HS_IRQHandler
                0x0000000008005198                EXTI1_IRQHandler
                0x0000000008005198                USART2_IRQHandler
                0x0000000008005198                I2C2_ER_IRQHandler
                0x0000000008005198                DMA2_Stream1_IRQHandler
                0x0000000008005198                CAN1_SCE_IRQHandler
                0x0000000008005198                DMA2_Stream4_IRQHandler
                0x0000000008005198                BusFault_Handler
                0x0000000008005198                USART1_IRQHandler
                0x0000000008005198                OTG_FS_IRQHandler
                0x0000000008005198                SPI3_IRQHandler
                0x0000000008005198                DMA1_Stream4_IRQHandler
                0x0000000008005198                I2C1_ER_IRQHandler
                0x0000000008005198                DMA2_Stream6_IRQHandler
                0x0000000008005198                DMA1_Stream3_IRQHandler
 *fill*         0x000000000800519a        0x2 
 .text.memcmp   0x000000000800519c       0x64 /home/usamat980/Downloads/SW4STM32/1/plugins/fr.ac6.mcu.externaltools.arm-none.linux64_1.17.0.201812190825/tools/compiler/bin/../lib/gcc/arm-none-eabi/7.3.1/../../../../arm-none-eabi/lib/thumb/v7e-m/fpv4-sp/hard/libc.a(lib_a-memcmp.o)
                0x000000000800519c                memcmp
 *(.glue_7)
 .glue_7        0x0000000008005200        0x0 linker stubs
 *(.glue_7t)
 .glue_7t       0x0000000008005200        0x0 linker stubs
 *(.eh_frame)
 .eh_frame      0x0000000008005200        0x0 /home/usamat980/Downloads/SW4STM32/1/plugins/fr.ac6.mcu.externaltools.arm-none.linux64_1.17.0.201812190825/tools/compiler/bin/../lib/gcc/arm-none-eabi/7.3.1/thumb/v7e-m/fpv4-sp/hard/crtbegin.o
 *(.init)
 .init          0x0000000008005200        0x4 /home/usamat980/Downloads/SW4STM32/1/plugins/fr.ac6.mcu.externaltools.arm-none.linux64_1.17.0.201812190825/tools/compiler/bin/../lib/gcc/arm-none-eabi/7.3.1/thumb/v7e-m/fpv4-sp/hard/crti.o
                0x0000000008005200                _init
 .init          0x0000000008005204        0x8 /home/usamat980/Downloads/SW4STM32/1/plugins/fr.ac6.mcu.externaltools.arm-none.linux64_1.17.0.201812190825/tools/compiler/bin/../lib/gcc/arm-none-eabi/7.3.1/thumb/v7e-m/fpv4-sp/hard/crtn.o
 *(.fini)
 .fini          0x000000000800520c        0x4 /home/usamat980/Downloads/SW4STM32/1/plugins/fr.ac6.mcu.externaltools.arm-none.linux64_1.17.0.201812190825/tools/compiler/bin/../lib/gcc/arm-none-eabi/7.3.1/thumb/v7e-m/fpv4-sp/hard/crti.o
                0x000000000800520c                _fini
 .fini          0x0000000008005210        0x8 /home/usamat980/Downloads/SW4STM32/1/plugins/fr.ac6.mcu.externaltools.arm-none.linux64_1.17.0.201812190825/tools/compiler/bin/../lib/gcc/arm-none-eabi/7.3.1/thumb/v7e-m/fpv4-sp/hard/crtn.o
                0x0000000008005218                . = ALIGN (0x4)
                0x0000000008005218                _etext = .

.vfp11_veneer   0x0000000008005218        0x0
 .vfp11_veneer  0x0000000008005218        0x0 linker stubs

.v4_bx          0x0000000008005218        0x0
 .v4_bx         0x0000000008005218        0x0 linker stubs

.iplt           0x0000000008005218        0x0
 .iplt          0x0000000008005218        0x0 /home/usamat980/Downloads/SW4STM32/1/plugins/fr.ac6.mcu.externaltools.arm-none.linux64_1.17.0.201812190825/tools/compiler/bin/../lib/gcc/arm-none-eabi/7.3.1/thumb/v7e-m/fpv4-sp/hard/crtbegin.o

.rodata         0x0000000008005218      0x178
                0x0000000008005218                . = ALIGN (0x4)
 *(.rodata)
 .rodata        0x0000000008005218        0x5 Third-Party/FreeRTOS/org/Source/tasks.o
 *fill*         0x000000000800521d        0x3 
 .rodata        0x0000000008005220        0xd Third-Party/FreeRTOS/org/Source/timers.o
 *fill*         0x000000000800522d        0x3 
 .rodata        0x0000000008005230       0x51 Third-Party/SEGGER/Config/SEGGER_SYSVIEW_Config_FreeRTOS.o
 *fill*         0x0000000008005281        0x3 
 .rodata        0x0000000008005284       0x60 Third-Party/SEGGER/OS/SEGGER_SYSVIEW_FreeRTOS.o
                0x00000000080052dc                SYSVIEW_X_OS_TraceAPI
 .rodata        0x00000000080052e4       0x17 Third-Party/SEGGER/SEGGER/SEGGER_RTT.o
 *fill*         0x00000000080052fb        0x1 
 .rodata        0x00000000080052fc       0x24 Third-Party/SEGGER/SEGGER/SEGGER_SYSVIEW.o
 .rodata        0x0000000008005320       0x6b src/main.o
 *(.rodata*)
 *fill*         0x000000000800538b        0x1 
 .rodata._global_impure_ptr
                0x000000000800538c        0x4 /home/usamat980/Downloads/SW4STM32/1/plugins/fr.ac6.mcu.externaltools.arm-none.linux64_1.17.0.201812190825/tools/compiler/bin/../lib/gcc/arm-none-eabi/7.3.1/../../../../arm-none-eabi/lib/thumb/v7e-m/fpv4-sp/hard/libc.a(lib_a-impure.o)
                0x000000000800538c                _global_impure_ptr
                0x0000000008005390                . = ALIGN (0x4)

.rel.dyn        0x0000000008005390        0x0
 .rel.iplt      0x0000000008005390        0x0 /home/usamat980/Downloads/SW4STM32/1/plugins/fr.ac6.mcu.externaltools.arm-none.linux64_1.17.0.201812190825/tools/compiler/bin/../lib/gcc/arm-none-eabi/7.3.1/thumb/v7e-m/fpv4-sp/hard/crtbegin.o

.ARM.extab      0x0000000008005390        0x0
                0x0000000008005390                . = ALIGN (0x4)
 *(.ARM.extab* .gnu.linkonce.armextab.*)
                0x0000000008005390                . = ALIGN (0x4)

.ARM            0x0000000008005390        0x0
                0x0000000008005390                . = ALIGN (0x4)
                0x0000000008005390                __exidx_start = .
 *(.ARM.exidx*)
                0x0000000008005390                __exidx_end = .
                0x0000000008005390                . = ALIGN (0x4)

.preinit_array  0x0000000008005390        0x0
                0x0000000008005390                . = ALIGN (0x4)
                0x0000000008005390                PROVIDE (__preinit_array_start = .)
 *(.preinit_array*)
                0x0000000008005390                PROVIDE (__preinit_array_end = .)
                0x0000000008005390                . = ALIGN (0x4)

.init_array     0x0000000008005390        0x8
                0x0000000008005390                . = ALIGN (0x4)
                0x0000000008005390                PROVIDE (__init_array_start = .)
 *(SORT_BY_NAME(.init_array.*))
 .init_array.00000
                0x0000000008005390        0x4 /home/usamat980/Downloads/SW4STM32/1/plugins/fr.ac6.mcu.externaltools.arm-none.linux64_1.17.0.201812190825/tools/compiler/bin/../lib/gcc/arm-none-eabi/7.3.1/../../../../arm-none-eabi/lib/thumb/v7e-m/fpv4-sp/hard/libc.a(lib_a-__call_atexit.o)
 *(.init_array*)
 .init_array    0x0000000008005394        0x4 /home/usamat980/Downloads/SW4STM32/1/plugins/fr.ac6.mcu.externaltools.arm-none.linux64_1.17.0.201812190825/tools/compiler/bin/../lib/gcc/arm-none-eabi/7.3.1/thumb/v7e-m/fpv4-sp/hard/crtbegin.o
                0x0000000008005398                PROVIDE (__init_array_end = .)
                0x0000000008005398                . = ALIGN (0x4)

.fini_array     0x0000000008005398        0x4
                0x0000000008005398                . = ALIGN (0x4)
                0x0000000008005398                PROVIDE (__fini_array_start = .)
 *(SORT_BY_NAME(.fini_array.*))
 *(.fini_array*)
 .fini_array    0x0000000008005398        0x4 /home/usamat980/Downloads/SW4STM32/1/plugins/fr.ac6.mcu.externaltools.arm-none.linux64_1.17.0.201812190825/tools/compiler/bin/../lib/gcc/arm-none-eabi/7.3.1/thumb/v7e-m/fpv4-sp/hard/crtbegin.o
                0x000000000800539c                PROVIDE (__fini_array_end = .)
                0x000000000800539c                . = ALIGN (0x4)
                0x000000000800539c                _sidata = LOADADDR (.data)

.data           0x0000000020000000      0x45c load address 0x000000000800539c
                0x0000000020000000                . = ALIGN (0x4)
                0x0000000020000000                _sdata = .
 *(.data)
 .data          0x0000000020000000       0x10 StdPeriph_Driver/src/stm32f4xx_rcc.o
 .data          0x0000000020000010        0x4 Third-Party/FreeRTOS/org/Source/tasks.o
                0x0000000020000010                uxTopUsedPriority
 .data          0x0000000020000014        0x4 Third-Party/FreeRTOS/org/Source/portable/GCC/ARM_CM4F/port.o
 .data          0x0000000020000018        0x1 src/main.o
                0x0000000020000018                UART_ACCESS
 *fill*         0x0000000020000019        0x3 
 .data          0x000000002000001c       0x14 src/system_stm32f4xx.o
                0x000000002000001c                SystemCoreClock
                0x0000000020000020                AHBPrescTable
 *(.data*)
 .data.impure_data
                0x0000000020000030      0x428 /home/usamat980/Downloads/SW4STM32/1/plugins/fr.ac6.mcu.externaltools.arm-none.linux64_1.17.0.201812190825/tools/compiler/bin/../lib/gcc/arm-none-eabi/7.3.1/../../../../arm-none-eabi/lib/thumb/v7e-m/fpv4-sp/hard/libc.a(lib_a-impure.o)
 .data.__atexit_recursive_mutex
                0x0000000020000458        0x4 /home/usamat980/Downloads/SW4STM32/1/plugins/fr.ac6.mcu.externaltools.arm-none.linux64_1.17.0.201812190825/tools/compiler/bin/../lib/gcc/arm-none-eabi/7.3.1/../../../../arm-none-eabi/lib/thumb/v7e-m/fpv4-sp/hard/libc.a(lib_a-__call_atexit.o)
                0x0000000020000458                __atexit_recursive_mutex
                0x000000002000045c                . = ALIGN (0x4)
                0x000000002000045c                _edata = .

.igot.plt       0x000000002000045c        0x0 load address 0x00000000080057f8
 .igot.plt      0x000000002000045c        0x0 /home/usamat980/Downloads/SW4STM32/1/plugins/fr.ac6.mcu.externaltools.arm-none.linux64_1.17.0.201812190825/tools/compiler/bin/../lib/gcc/arm-none-eabi/7.3.1/thumb/v7e-m/fpv4-sp/hard/crtbegin.o
                0x000000002000045c                . = ALIGN (0x4)

.bss            0x000000002000045c    0x1566c load address 0x00000000080057f8
                0x000000002000045c                _sbss = .
                0x000000002000045c                __bss_start__ = _sbss
 *(.bss)
 .bss           0x000000002000045c       0x1c /home/usamat980/Downloads/SW4STM32/1/plugins/fr.ac6.mcu.externaltools.arm-none.linux64_1.17.0.201812190825/tools/compiler/bin/../lib/gcc/arm-none-eabi/7.3.1/thumb/v7e-m/fpv4-sp/hard/crtbegin.o
 .bss           0x0000000020000478      0x104 Third-Party/FreeRTOS/org/Source/tasks.o
                0x0000000020000478                pxCurrentTCB
 .bss           0x000000002000057c       0x3c Third-Party/FreeRTOS/org/Source/timers.o
 .bss           0x00000000200005b8        0x8 Third-Party/FreeRTOS/org/Source/portable/GCC/ARM_CM4F/port.o
 .bss           0x00000000200005c0    0x12c20 Third-Party/FreeRTOS/org/Source/portable/MemMang/heap_4.o
 .bss           0x00000000200131e0       0xa4 Third-Party/SEGGER/OS/SEGGER_SYSVIEW_FreeRTOS.o
 .bss           0x0000000020013284      0x411 Third-Party/SEGGER/SEGGER/SEGGER_RTT.o
 *fill*         0x0000000020013695        0x3 
 .bss           0x0000000020013698     0x211b Third-Party/SEGGER/SEGGER/SEGGER_SYSVIEW.o
 *fill*         0x00000000200157b3        0x1 
 .bss           0x00000000200157b4      0x208 src/main.o
                0x00000000200157b4                TaskHandle1
                0x00000000200157b8                TaskHandle2
                0x00000000200157bc                msg_buffer
 *(.bss*)
 *(COMMON)
 COMMON         0x00000000200159bc       0x21 /home/usamat980/Downloads/SW4STM32/1/plugins/fr.ac6.mcu.externaltools.arm-none.linux64_1.17.0.201812190825/tools/compiler/bin/../lib/gcc/arm-none-eabi/7.3.1/../../../../arm-none-eabi/lib/thumb/v7e-m/fpv4-sp/hard/libc.a(lib_a-lock.o)
                0x00000000200159bc                __lock___atexit_recursive_mutex
                0x00000000200159c0                __lock___arc4random_mutex
                0x00000000200159c4                __lock___env_recursive_mutex
                0x00000000200159c8                __lock___sinit_recursive_mutex
                0x00000000200159cc                __lock___malloc_recursive_mutex
                0x00000000200159d0                __lock___at_quick_exit_mutex
                0x00000000200159d4                __lock___dd_hash_mutex
                0x00000000200159d8                __lock___tz_mutex
                0x00000000200159dc                __lock___sfp_recursive_mutex
 *fill*         0x00000000200159dd        0x3 
 COMMON         0x00000000200159e0       0x40 Third-Party/FreeRTOS/org/Source/queue.o
                0x00000000200159e0                xQueueRegistry
 COMMON         0x0000000020015a20       0xa8 Third-Party/SEGGER/SEGGER/SEGGER_RTT.o
                0x0000000020015a20                _SEGGER_RTT
                0x0000000020015ac8                . = ALIGN (0x4)
                0x0000000020015ac8                _ebss = .
                0x0000000020015ac8                __bss_end__ = _ebss

._user_heap_stack
                0x0000000020015ac8      0x400 load address 0x00000000080057f8
                0x0000000020015ac8                . = ALIGN (0x8)
                0x0000000020015ac8                PROVIDE (end = .)
                [!provide]                        PROVIDE (_end = .)
                0x0000000020015ac8                . = (. + _Min_Heap_Size)
                0x0000000020015ec8                . = (. + _Min_Stack_Size)
 *fill*         0x0000000020015ac8      0x400 
                0x0000000020015ec8                . = ALIGN (0x8)

/DISCARD/
 libc.a(*)
 libm.a(*)
 libgcc.a(*)

.ARM.attributes
                0x0000000000000000       0x30
 *(.ARM.attributes)
 .ARM.attributes
                0x0000000000000000       0x22 /home/usamat980/Downloads/SW4STM32/1/plugins/fr.ac6.mcu.externaltools.arm-none.linux64_1.17.0.201812190825/tools/compiler/bin/../lib/gcc/arm-none-eabi/7.3.1/thumb/v7e-m/fpv4-sp/hard/crti.o
 .ARM.attributes
                0x0000000000000022       0x34 /home/usamat980/Downloads/SW4STM32/1/plugins/fr.ac6.mcu.externaltools.arm-none.linux64_1.17.0.201812190825/tools/compiler/bin/../lib/gcc/arm-none-eabi/7.3.1/thumb/v7e-m/fpv4-sp/hard/crtbegin.o
 .ARM.attributes
                0x0000000000000056       0x34 /home/usamat980/Downloads/SW4STM32/1/plugins/fr.ac6.mcu.externaltools.arm-none.linux64_1.17.0.201812190825/tools/compiler/bin/../lib/gcc/arm-none-eabi/7.3.1/../../../../arm-none-eabi/lib/thumb/v7e-m/fpv4-sp/hard/libc.a(lib_a-impure.o)
 .ARM.attributes
                0x000000000000008a       0x34 /home/usamat980/Downloads/SW4STM32/1/plugins/fr.ac6.mcu.externaltools.arm-none.linux64_1.17.0.201812190825/tools/compiler/bin/../lib/gcc/arm-none-eabi/7.3.1/../../../../arm-none-eabi/lib/thumb/v7e-m/fpv4-sp/hard/libc.a(lib_a-init.o)
 .ARM.attributes
                0x00000000000000be       0x34 /home/usamat980/Downloads/SW4STM32/1/plugins/fr.ac6.mcu.externaltools.arm-none.linux64_1.17.0.201812190825/tools/compiler/bin/../lib/gcc/arm-none-eabi/7.3.1/../../../../arm-none-eabi/lib/thumb/v7e-m/fpv4-sp/hard/libc.a(lib_a-memset.o)
 .ARM.attributes
                0x00000000000000f2       0x34 /home/usamat980/Downloads/SW4STM32/1/plugins/fr.ac6.mcu.externaltools.arm-none.linux64_1.17.0.201812190825/tools/compiler/bin/../lib/gcc/arm-none-eabi/7.3.1/../../../../arm-none-eabi/lib/thumb/v7e-m/fpv4-sp/hard/libc.a(lib_a-__call_atexit.o)
 .ARM.attributes
                0x0000000000000126       0x34 /home/usamat980/Downloads/SW4STM32/1/plugins/fr.ac6.mcu.externaltools.arm-none.linux64_1.17.0.201812190825/tools/compiler/bin/../lib/gcc/arm-none-eabi/7.3.1/../../../../arm-none-eabi/lib/thumb/v7e-m/fpv4-sp/hard/libc.a(lib_a-atexit.o)
 .ARM.attributes
                0x000000000000015a       0x34 /home/usamat980/Downloads/SW4STM32/1/plugins/fr.ac6.mcu.externaltools.arm-none.linux64_1.17.0.201812190825/tools/compiler/bin/../lib/gcc/arm-none-eabi/7.3.1/../../../../arm-none-eabi/lib/thumb/v7e-m/fpv4-sp/hard/libc.a(lib_a-fini.o)
 .ARM.attributes
                0x000000000000018e       0x34 /home/usamat980/Downloads/SW4STM32/1/plugins/fr.ac6.mcu.externaltools.arm-none.linux64_1.17.0.201812190825/tools/compiler/bin/../lib/gcc/arm-none-eabi/7.3.1/../../../../arm-none-eabi/lib/thumb/v7e-m/fpv4-sp/hard/libc.a(lib_a-lock.o)
 .ARM.attributes
                0x00000000000001c2       0x34 /home/usamat980/Downloads/SW4STM32/1/plugins/fr.ac6.mcu.externaltools.arm-none.linux64_1.17.0.201812190825/tools/compiler/bin/../lib/gcc/arm-none-eabi/7.3.1/../../../../arm-none-eabi/lib/thumb/v7e-m/fpv4-sp/hard/libc.a(lib_a-__atexit.o)
 .ARM.attributes
                0x00000000000001f6       0x39 StdPeriph_Driver/src/stm32f4xx_gpio.o
 .ARM.attributes
                0x000000000000022f       0x39 StdPeriph_Driver/src/stm32f4xx_rcc.o
 .ARM.attributes
                0x0000000000000268       0x39 StdPeriph_Driver/src/stm32f4xx_usart.o
 .ARM.attributes
                0x00000000000002a1       0x39 Third-Party/FreeRTOS/org/Source/list.o
 .ARM.attributes
                0x00000000000002da       0x39 Third-Party/FreeRTOS/org/Source/queue.o
 .ARM.attributes
                0x0000000000000313       0x39 Third-Party/FreeRTOS/org/Source/tasks.o
 .ARM.attributes
                0x000000000000034c       0x39 Third-Party/FreeRTOS/org/Source/timers.o
 .ARM.attributes
                0x0000000000000385       0x39 Third-Party/FreeRTOS/org/Source/portable/GCC/ARM_CM4F/port.o
 .ARM.attributes
                0x00000000000003be       0x39 Third-Party/FreeRTOS/org/Source/portable/MemMang/heap_4.o
 .ARM.attributes
                0x00000000000003f7       0x39 Third-Party/SEGGER/Config/SEGGER_SYSVIEW_Config_FreeRTOS.o
 .ARM.attributes
                0x0000000000000430       0x39 Third-Party/SEGGER/OS/SEGGER_SYSVIEW_FreeRTOS.o
 .ARM.attributes
                0x0000000000000469       0x39 Third-Party/SEGGER/SEGGER/SEGGER_RTT.o
 .ARM.attributes
                0x00000000000004a2       0x39 Third-Party/SEGGER/SEGGER/SEGGER_SYSVIEW.o
 .ARM.attributes
                0x00000000000004db       0x39 src/main.o
 .ARM.attributes
                0x0000000000000514       0x39 src/system_stm32f4xx.o
 .ARM.attributes
                0x000000000000054d       0x21 startup/startup_stm32.o
 .ARM.attributes
                0x000000000000056e       0x34 /home/usamat980/Downloads/SW4STM32/1/plugins/fr.ac6.mcu.externaltools.arm-none.linux64_1.17.0.201812190825/tools/compiler/bin/../lib/gcc/arm-none-eabi/7.3.1/../../../../arm-none-eabi/lib/thumb/v7e-m/fpv4-sp/hard/libc.a(lib_a-memcmp.o)
 .ARM.attributes
                0x00000000000005a2       0x20 /home/usamat980/Downloads/SW4STM32/1/plugins/fr.ac6.mcu.externaltools.arm-none.linux64_1.17.0.201812190825/tools/compiler/bin/../lib/gcc/arm-none-eabi/7.3.1/../../../../arm-none-eabi/lib/thumb/v7e-m/fpv4-sp/hard/libc.a(lib_a-memcpy.o)
 .ARM.attributes
                0x00000000000005c2       0x20 /home/usamat980/Downloads/SW4STM32/1/plugins/fr.ac6.mcu.externaltools.arm-none.linux64_1.17.0.201812190825/tools/compiler/bin/../lib/gcc/arm-none-eabi/7.3.1/../../../../arm-none-eabi/lib/thumb/v7e-m/fpv4-sp/hard/libc.a(lib_a-strlen.o)
 .ARM.attributes
                0x00000000000005e2       0x22 /home/usamat980/Downloads/SW4STM32/1/plugins/fr.ac6.mcu.externaltools.arm-none.linux64_1.17.0.201812190825/tools/compiler/bin/../lib/gcc/arm-none-eabi/7.3.1/thumb/v7e-m/fpv4-sp/hard/crtn.o
OUTPUT(STM32_HelloWorld.elf elf32-littlearm)

.debug_frame    0x0000000000000000     0x3a3c
 .debug_frame   0x0000000000000000       0x2c /home/usamat980/Downloads/SW4STM32/1/plugins/fr.ac6.mcu.externaltools.arm-none.linux64_1.17.0.201812190825/tools/compiler/bin/../lib/gcc/arm-none-eabi/7.3.1/../../../../arm-none-eabi/lib/thumb/v7e-m/fpv4-sp/hard/libc.a(lib_a-init.o)
 .debug_frame   0x000000000000002c       0x38 /home/usamat980/Downloads/SW4STM32/1/plugins/fr.ac6.mcu.externaltools.arm-none.linux64_1.17.0.201812190825/tools/compiler/bin/../lib/gcc/arm-none-eabi/7.3.1/../../../../arm-none-eabi/lib/thumb/v7e-m/fpv4-sp/hard/libc.a(lib_a-memset.o)
 .debug_frame   0x0000000000000064       0x5c /home/usamat980/Downloads/SW4STM32/1/plugins/fr.ac6.mcu.externaltools.arm-none.linux64_1.17.0.201812190825/tools/compiler/bin/../lib/gcc/arm-none-eabi/7.3.1/../../../../arm-none-eabi/lib/thumb/v7e-m/fpv4-sp/hard/libc.a(lib_a-__call_atexit.o)
 .debug_frame   0x00000000000000c0       0x20 /home/usamat980/Downloads/SW4STM32/1/plugins/fr.ac6.mcu.externaltools.arm-none.linux64_1.17.0.201812190825/tools/compiler/bin/../lib/gcc/arm-none-eabi/7.3.1/../../../../arm-none-eabi/lib/thumb/v7e-m/fpv4-sp/hard/libc.a(lib_a-atexit.o)
 .debug_frame   0x00000000000000e0       0x34 /home/usamat980/Downloads/SW4STM32/1/plugins/fr.ac6.mcu.externaltools.arm-none.linux64_1.17.0.201812190825/tools/compiler/bin/../lib/gcc/arm-none-eabi/7.3.1/../../../../arm-none-eabi/lib/thumb/v7e-m/fpv4-sp/hard/libc.a(lib_a-fini.o)
 .debug_frame   0x0000000000000114       0xb0 /home/usamat980/Downloads/SW4STM32/1/plugins/fr.ac6.mcu.externaltools.arm-none.linux64_1.17.0.201812190825/tools/compiler/bin/../lib/gcc/arm-none-eabi/7.3.1/../../../../arm-none-eabi/lib/thumb/v7e-m/fpv4-sp/hard/libc.a(lib_a-lock.o)
 .debug_frame   0x00000000000001c4       0x34 /home/usamat980/Downloads/SW4STM32/1/plugins/fr.ac6.mcu.externaltools.arm-none.linux64_1.17.0.201812190825/tools/compiler/bin/../lib/gcc/arm-none-eabi/7.3.1/../../../../arm-none-eabi/lib/thumb/v7e-m/fpv4-sp/hard/libc.a(lib_a-__atexit.o)
 .debug_frame   0x00000000000001f8      0x23c StdPeriph_Driver/src/stm32f4xx_gpio.o
 .debug_frame   0x0000000000000434      0x83c StdPeriph_Driver/src/stm32f4xx_rcc.o
 .debug_frame   0x0000000000000c70      0x490 StdPeriph_Driver/src/stm32f4xx_usart.o
 .debug_frame   0x0000000000001100       0xd8 Third-Party/FreeRTOS/org/Source/list.o
 .debug_frame   0x00000000000011d8      0x544 Third-Party/FreeRTOS/org/Source/queue.o
 .debug_frame   0x000000000000171c      0x8d4 Third-Party/FreeRTOS/org/Source/tasks.o
 .debug_frame   0x0000000000001ff0      0x38c Third-Party/FreeRTOS/org/Source/timers.o
 .debug_frame   0x000000000000237c      0x1a8 Third-Party/FreeRTOS/org/Source/portable/GCC/ARM_CM4F/port.o
 .debug_frame   0x0000000000002524      0x12c Third-Party/FreeRTOS/org/Source/portable/MemMang/heap_4.o
 .debug_frame   0x0000000000002650       0x48 Third-Party/SEGGER/Config/SEGGER_SYSVIEW_Config_FreeRTOS.o
 .debug_frame   0x0000000000002698      0x100 Third-Party/SEGGER/OS/SEGGER_SYSVIEW_FreeRTOS.o
 .debug_frame   0x0000000000002798      0x554 Third-Party/SEGGER/SEGGER/SEGGER_RTT.o
 .debug_frame   0x0000000000002cec      0xbc4 Third-Party/SEGGER/SEGGER/SEGGER_SYSVIEW.o
 .debug_frame   0x00000000000038b0       0xd8 src/main.o
 .debug_frame   0x0000000000003988       0x7c src/system_stm32f4xx.o
 .debug_frame   0x0000000000003a04       0x38 /home/usamat980/Downloads/SW4STM32/1/plugins/fr.ac6.mcu.externaltools.arm-none.linux64_1.17.0.201812190825/tools/compiler/bin/../lib/gcc/arm-none-eabi/7.3.1/../../../../arm-none-eabi/lib/thumb/v7e-m/fpv4-sp/hard/libc.a(lib_a-memcmp.o)

.debug_info     0x0000000000000000    0x11586
 .debug_info    0x0000000000000000      0x62b StdPeriph_Driver/src/stm32f4xx_gpio.o
 .debug_info    0x000000000000062b      0xe67 StdPeriph_Driver/src/stm32f4xx_rcc.o
 .debug_info    0x0000000000001492      0x9d4 StdPeriph_Driver/src/stm32f4xx_usart.o
 .debug_info    0x0000000000001e66      0xaf1 Third-Party/FreeRTOS/org/Source/list.o
 .debug_info    0x0000000000002957     0x201d Third-Party/FreeRTOS/org/Source/queue.o
 .debug_info    0x0000000000004974     0x29ca Third-Party/FreeRTOS/org/Source/tasks.o
 .debug_info    0x000000000000733e     0x14ef Third-Party/FreeRTOS/org/Source/timers.o
 .debug_info    0x000000000000882d      0x549 Third-Party/FreeRTOS/org/Source/portable/GCC/ARM_CM4F/port.o
 .debug_info    0x0000000000008d76      0xd13 Third-Party/FreeRTOS/org/Source/portable/MemMang/heap_4.o
 .debug_info    0x0000000000009a89      0x125 Third-Party/SEGGER/Config/SEGGER_SYSVIEW_Config_FreeRTOS.o
 .debug_info    0x0000000000009bae      0xba2 Third-Party/SEGGER/OS/SEGGER_SYSVIEW_FreeRTOS.o
 .debug_info    0x000000000000a750     0x1c78 Third-Party/SEGGER/SEGGER/SEGGER_RTT.o
 .debug_info    0x000000000000c3c8     0x3ca1 Third-Party/SEGGER/SEGGER/SEGGER_SYSVIEW.o
 .debug_info    0x0000000000010069      0xee9 src/main.o
 .debug_info    0x0000000000010f52      0x612 src/system_stm32f4xx.o
 .debug_info    0x0000000000011564       0x22 startup/startup_stm32.o

.debug_abbrev   0x0000000000000000     0x22ec
 .debug_abbrev  0x0000000000000000      0x1bf StdPeriph_Driver/src/stm32f4xx_gpio.o
 .debug_abbrev  0x00000000000001bf      0x1d4 StdPeriph_Driver/src/stm32f4xx_rcc.o
 .debug_abbrev  0x0000000000000393      0x187 StdPeriph_Driver/src/stm32f4xx_usart.o
 .debug_abbrev  0x000000000000051a      0x205 Third-Party/FreeRTOS/org/Source/list.o
 .debug_abbrev  0x000000000000071f      0x327 Third-Party/FreeRTOS/org/Source/queue.o
 .debug_abbrev  0x0000000000000a46      0x386 Third-Party/FreeRTOS/org/Source/tasks.o
 .debug_abbrev  0x0000000000000dcc      0x2fe Third-Party/FreeRTOS/org/Source/timers.o
 .debug_abbrev  0x00000000000010ca      0x210 Third-Party/FreeRTOS/org/Source/portable/GCC/ARM_CM4F/port.o
 .debug_abbrev  0x00000000000012da      0x2d4 Third-Party/FreeRTOS/org/Source/portable/MemMang/heap_4.o
 .debug_abbrev  0x00000000000015ae       0xb5 Third-Party/SEGGER/Config/SEGGER_SYSVIEW_Config_FreeRTOS.o
 .debug_abbrev  0x0000000000001663      0x223 Third-Party/SEGGER/OS/SEGGER_SYSVIEW_FreeRTOS.o
 .debug_abbrev  0x0000000000001886      0x2ec Third-Party/SEGGER/SEGGER/SEGGER_RTT.o
 .debug_abbrev  0x0000000000001b72      0x370 Third-Party/SEGGER/SEGGER/SEGGER_SYSVIEW.o
 .debug_abbrev  0x0000000000001ee2      0x29b src/main.o
 .debug_abbrev  0x000000000000217d      0x15d src/system_stm32f4xx.o
 .debug_abbrev  0x00000000000022da       0x12 startup/startup_stm32.o

.debug_aranges  0x0000000000000000      0xd38
 .debug_aranges
                0x0000000000000000       0x88 StdPeriph_Driver/src/stm32f4xx_gpio.o
 .debug_aranges
                0x0000000000000088      0x1c0 StdPeriph_Driver/src/stm32f4xx_rcc.o
 .debug_aranges
                0x0000000000000248      0x100 StdPeriph_Driver/src/stm32f4xx_usart.o
 .debug_aranges
                0x0000000000000348       0x40 Third-Party/FreeRTOS/org/Source/list.o
 .debug_aranges
                0x0000000000000388      0x130 Third-Party/FreeRTOS/org/Source/queue.o
 .debug_aranges
                0x00000000000004b8      0x200 Third-Party/FreeRTOS/org/Source/tasks.o
 .debug_aranges
                0x00000000000006b8       0xd8 Third-Party/FreeRTOS/org/Source/timers.o
 .debug_aranges
                0x0000000000000790       0x80 Third-Party/FreeRTOS/org/Source/portable/GCC/ARM_CM4F/port.o
 .debug_aranges
                0x0000000000000810       0x58 Third-Party/FreeRTOS/org/Source/portable/MemMang/heap_4.o
 .debug_aranges
                0x0000000000000868       0x28 Third-Party/SEGGER/Config/SEGGER_SYSVIEW_Config_FreeRTOS.o
 .debug_aranges
                0x0000000000000890       0x48 Third-Party/SEGGER/OS/SEGGER_SYSVIEW_FreeRTOS.o
 .debug_aranges
                0x00000000000008d8      0x140 Third-Party/SEGGER/SEGGER/SEGGER_RTT.o
 .debug_aranges
                0x0000000000000a18      0x280 Third-Party/SEGGER/SEGGER/SEGGER_SYSVIEW.o
 .debug_aranges
                0x0000000000000c98       0x48 src/main.o
 .debug_aranges
                0x0000000000000ce0       0x30 src/system_stm32f4xx.o
 .debug_aranges
                0x0000000000000d10       0x28 startup/startup_stm32.o

.debug_ranges   0x0000000000000000      0xc40
 .debug_ranges  0x0000000000000000       0x78 StdPeriph_Driver/src/stm32f4xx_gpio.o
 .debug_ranges  0x0000000000000078      0x1b0 StdPeriph_Driver/src/stm32f4xx_rcc.o
 .debug_ranges  0x0000000000000228       0xf0 StdPeriph_Driver/src/stm32f4xx_usart.o
 .debug_ranges  0x0000000000000318       0x30 Third-Party/FreeRTOS/org/Source/list.o
 .debug_ranges  0x0000000000000348      0x120 Third-Party/FreeRTOS/org/Source/queue.o
 .debug_ranges  0x0000000000000468      0x1f0 Third-Party/FreeRTOS/org/Source/tasks.o
 .debug_ranges  0x0000000000000658       0xc8 Third-Party/FreeRTOS/org/Source/timers.o
 .debug_ranges  0x0000000000000720       0x70 Third-Party/FreeRTOS/org/Source/portable/GCC/ARM_CM4F/port.o
 .debug_ranges  0x0000000000000790       0x48 Third-Party/FreeRTOS/org/Source/portable/MemMang/heap_4.o
 .debug_ranges  0x00000000000007d8       0x18 Third-Party/SEGGER/Config/SEGGER_SYSVIEW_Config_FreeRTOS.o
 .debug_ranges  0x00000000000007f0       0x38 Third-Party/SEGGER/OS/SEGGER_SYSVIEW_FreeRTOS.o
 .debug_ranges  0x0000000000000828      0x130 Third-Party/SEGGER/SEGGER/SEGGER_RTT.o
 .debug_ranges  0x0000000000000958      0x270 Third-Party/SEGGER/SEGGER/SEGGER_SYSVIEW.o
 .debug_ranges  0x0000000000000bc8       0x38 src/main.o
 .debug_ranges  0x0000000000000c00       0x20 src/system_stm32f4xx.o
 .debug_ranges  0x0000000000000c20       0x20 startup/startup_stm32.o

.debug_macro    0x0000000000000000     0x324a
 .debug_macro   0x0000000000000000      0x1bc StdPeriph_Driver/src/stm32f4xx_gpio.o
 .debug_macro   0x00000000000001bc      0x2f5 StdPeriph_Driver/src/stm32f4xx_gpio.o
 .debug_macro   0x00000000000004b1      0x28b StdPeriph_Driver/src/stm32f4xx_rcc.o
 .debug_macro   0x000000000000073c      0x1d4 StdPeriph_Driver/src/stm32f4xx_usart.o
 .debug_macro   0x0000000000000910      0x21d StdPeriph_Driver/src/stm32f4xx_usart.o
 .debug_macro   0x0000000000000b2d      0x1e6 Third-Party/FreeRTOS/org/Source/list.o
 .debug_macro   0x0000000000000d13      0x26a Third-Party/FreeRTOS/org/Source/queue.o
 .debug_macro   0x0000000000000f7d       0x16 Third-Party/FreeRTOS/org/Source/queue.o
 .debug_macro   0x0000000000000f93       0x35 Third-Party/FreeRTOS/org/Source/queue.o
 .debug_macro   0x0000000000000fc8       0x80 Third-Party/FreeRTOS/org/Source/queue.o
 .debug_macro   0x0000000000001048      0x2c7 Third-Party/FreeRTOS/org/Source/tasks.o
 .debug_macro   0x000000000000130f       0x10 Third-Party/FreeRTOS/org/Source/tasks.o
 .debug_macro   0x000000000000131f      0x22f Third-Party/FreeRTOS/org/Source/timers.o
 .debug_macro   0x000000000000154e       0x97 Third-Party/FreeRTOS/org/Source/timers.o
 .debug_macro   0x00000000000015e5      0x1f6 Third-Party/FreeRTOS/org/Source/portable/GCC/ARM_CM4F/port.o
 .debug_macro   0x00000000000017db      0x201 Third-Party/FreeRTOS/org/Source/portable/MemMang/heap_4.o
 .debug_macro   0x00000000000019dc      0x136 Third-Party/SEGGER/Config/SEGGER_SYSVIEW_Config_FreeRTOS.o
 .debug_macro   0x0000000000001b12      0x1f0 Third-Party/SEGGER/OS/SEGGER_SYSVIEW_FreeRTOS.o
 .debug_macro   0x0000000000001d02      0x1ab Third-Party/SEGGER/SEGGER/SEGGER_RTT.o
 .debug_macro   0x0000000000001ead       0x34 Third-Party/SEGGER/SEGGER/SEGGER_RTT.o
 .debug_macro   0x0000000000001ee1      0x131 Third-Party/SEGGER/SEGGER/SEGGER_RTT.o
 .debug_macro   0x0000000000002012      0x200 Third-Party/SEGGER/SEGGER/SEGGER_SYSVIEW.o
 .debug_macro   0x0000000000002212      0x204 Third-Party/SEGGER/SEGGER/SEGGER_SYSVIEW.o
 .debug_macro   0x0000000000002416      0x167 Third-Party/SEGGER/SEGGER/SEGGER_SYSVIEW.o
 .debug_macro   0x000000000000257d      0x3fe src/main.o
 .debug_macro   0x000000000000297b       0x16 src/main.o
 .debug_macro   0x0000000000002991       0x97 src/main.o
 .debug_macro   0x0000000000002a28       0xfd src/main.o
 .debug_macro   0x0000000000002b25       0x10 src/main.o
 .debug_macro   0x0000000000002b35       0x10 src/main.o
 .debug_macro   0x0000000000002b45       0x1c src/main.o
 .debug_macro   0x0000000000002b61       0x52 src/main.o
 .debug_macro   0x0000000000002bb3       0x40 src/main.o
 .debug_macro   0x0000000000002bf3       0x10 src/main.o
 .debug_macro   0x0000000000002c03       0x40 src/main.o
 .debug_macro   0x0000000000002c43       0xd7 src/main.o
 .debug_macro   0x0000000000002d1a       0x1c src/main.o
 .debug_macro   0x0000000000002d36       0x3d src/main.o
 .debug_macro   0x0000000000002d73       0x16 src/main.o
 .debug_macro   0x0000000000002d89      0x16f src/main.o
 .debug_macro   0x0000000000002ef8       0x22 src/main.o
 .debug_macro   0x0000000000002f1a      0x112 src/main.o
 .debug_macro   0x000000000000302c       0x4c src/main.o
 .debug_macro   0x0000000000003078      0x1d2 src/system_stm32f4xx.o

.debug_line     0x0000000000000000     0xa698
 .debug_line    0x0000000000000000      0x7cf StdPeriph_Driver/src/stm32f4xx_gpio.o
 .debug_line    0x00000000000007cf      0xac3 StdPeriph_Driver/src/stm32f4xx_rcc.o
 .debug_line    0x0000000000001292      0x915 StdPeriph_Driver/src/stm32f4xx_usart.o
 .debug_line    0x0000000000001ba7      0x751 Third-Party/FreeRTOS/org/Source/list.o
 .debug_line    0x00000000000022f8     0x1137 Third-Party/FreeRTOS/org/Source/queue.o
 .debug_line    0x000000000000342f     0x14fb Third-Party/FreeRTOS/org/Source/tasks.o
 .debug_line    0x000000000000492a      0xaee Third-Party/FreeRTOS/org/Source/timers.o
 .debug_line    0x0000000000005418      0x883 Third-Party/FreeRTOS/org/Source/portable/GCC/ARM_CM4F/port.o
 .debug_line    0x0000000000005c9b      0x876 Third-Party/FreeRTOS/org/Source/portable/MemMang/heap_4.o
 .debug_line    0x0000000000006511      0x671 Third-Party/SEGGER/Config/SEGGER_SYSVIEW_Config_FreeRTOS.o
 .debug_line    0x0000000000006b82      0x7e1 Third-Party/SEGGER/OS/SEGGER_SYSVIEW_FreeRTOS.o
 .debug_line    0x0000000000007363      0x918 Third-Party/SEGGER/SEGGER/SEGGER_RTT.o
 .debug_line    0x0000000000007c7b     0x1783 Third-Party/SEGGER/SEGGER/SEGGER_SYSVIEW.o
 .debug_line    0x00000000000093fe      0xb5a src/main.o
 .debug_line    0x0000000000009f58      0x6c4 src/system_stm32f4xx.o
 .debug_line    0x000000000000a61c       0x7c startup/startup_stm32.o

.debug_str      0x0000000000000000    0x72c6d
 .debug_str     0x0000000000000000    0x5eaae StdPeriph_Driver/src/stm32f4xx_gpio.o
                                      0x5ecad (size before relaxing)
 .debug_str     0x000000000005eaae      0xdb7 StdPeriph_Driver/src/stm32f4xx_rcc.o
                                      0x5f7ba (size before relaxing)
 .debug_str     0x000000000005f865      0x53a StdPeriph_Driver/src/stm32f4xx_usart.o
                                      0x5efc0 (size before relaxing)
 .debug_str     0x000000000005fd9f     0xa8ac Third-Party/FreeRTOS/org/Source/list.o
                                       0xe603 (size before relaxing)
 .debug_str     0x000000000006a64b     0x2281 Third-Party/FreeRTOS/org/Source/queue.o
                                      0x10877 (size before relaxing)
 .debug_str     0x000000000006c8cc     0x1bf2 Third-Party/FreeRTOS/org/Source/tasks.o
                                      0x115a5 (size before relaxing)
 .debug_str     0x000000000006e4be      0x529 Third-Party/FreeRTOS/org/Source/timers.o
                                      0x10cab (size before relaxing)
 .debug_str     0x000000000006e9e7      0x7f3 Third-Party/FreeRTOS/org/Source/portable/GCC/ARM_CM4F/port.o
                                       0xd31c (size before relaxing)
 .debug_str     0x000000000006f1da      0x333 Third-Party/FreeRTOS/org/Source/portable/MemMang/heap_4.o
                                       0xfa7d (size before relaxing)
 .debug_str     0x000000000006f50d      0x172 Third-Party/SEGGER/Config/SEGGER_SYSVIEW_Config_FreeRTOS.o
                                       0xb1d3 (size before relaxing)
 .debug_str     0x000000000006f67f       0xfb Third-Party/SEGGER/OS/SEGGER_SYSVIEW_FreeRTOS.o
                                       0xf77d (size before relaxing)
 .debug_str     0x000000000006f77a     0x103c Third-Party/SEGGER/SEGGER/SEGGER_RTT.o
                                       0x74fb (size before relaxing)
 .debug_str     0x00000000000707b6      0xf86 Third-Party/SEGGER/SEGGER/SEGGER_SYSVIEW.o
                                       0x94b3 (size before relaxing)
 .debug_str     0x000000000007173c     0x13ed src/main.o
                                      0x6b998 (size before relaxing)
 .debug_str     0x0000000000072b29      0x11b src/system_stm32f4xx.o
                                      0x5ec00 (size before relaxing)
 .debug_str     0x0000000000072c44       0x29 startup/startup_stm32.o
                                         0x67 (size before relaxing)

.comment        0x0000000000000000       0x7f
 .comment       0x0000000000000000       0x7f StdPeriph_Driver/src/stm32f4xx_gpio.o
                                         0x80 (size before relaxing)
 .comment       0x000000000000007f       0x80 StdPeriph_Driver/src/stm32f4xx_rcc.o
 .comment       0x000000000000007f       0x80 StdPeriph_Driver/src/stm32f4xx_usart.o
 .comment       0x000000000000007f       0x80 Third-Party/FreeRTOS/org/Source/list.o
 .comment       0x000000000000007f       0x80 Third-Party/FreeRTOS/org/Source/queue.o
 .comment       0x000000000000007f       0x80 Third-Party/FreeRTOS/org/Source/tasks.o
 .comment       0x000000000000007f       0x80 Third-Party/FreeRTOS/org/Source/timers.o
 .comment       0x000000000000007f       0x80 Third-Party/FreeRTOS/org/Source/portable/GCC/ARM_CM4F/port.o
 .comment       0x000000000000007f       0x80 Third-Party/FreeRTOS/org/Source/portable/MemMang/heap_4.o
 .comment       0x000000000000007f       0x80 Third-Party/SEGGER/Config/SEGGER_SYSVIEW_Config_FreeRTOS.o
 .comment       0x000000000000007f       0x80 Third-Party/SEGGER/OS/SEGGER_SYSVIEW_FreeRTOS.o
 .comment       0x000000000000007f       0x80 Third-Party/SEGGER/SEGGER/SEGGER_RTT.o
 .comment       0x000000000000007f       0x80 Third-Party/SEGGER/SEGGER/SEGGER_SYSVIEW.o
 .comment       0x000000000000007f       0x80 src/main.o
 .comment       0x000000000000007f       0x80 src/system_stm32f4xx.o
